<?xml version="1.0"?>
<link_info>
   <banner>TI ARM Linker PC v16.9.6.LTS</banner>
   <copyright>Copyright (c) 1996-2017 Texas Instruments Incorporated</copyright>
   <link_time>0x5a5df3f8</link_time>
   <link_errors>0x0</link_errors>
   <output_file>ethernet.out</output_file>
   <entry_point>
      <name>_c_int00</name>
      <address>0x3831</address>
   </entry_point>
   <input_file_list>
      <input_file id="fl-2">
         <path>.\</path>
         <kind>object</kind>
         <file>main.obj</file>
         <name>main.obj</name>
      </input_file>
      <input_file id="fl-3">
         <path>.\</path>
         <kind>object</kind>
         <file>tm4c123gh6pm_startup_ccs.obj</file>
         <name>tm4c123gh6pm_startup_ccs.obj</name>
      </input_file>
      <input_file id="fl-4">
         <path>.\Delay\</path>
         <kind>object</kind>
         <file>Delay.obj</file>
         <name>Delay.obj</name>
      </input_file>
      <input_file id="fl-5">
         <path>.\ENC\</path>
         <kind>object</kind>
         <file>ENC.obj</file>
         <name>ENC.obj</name>
      </input_file>
      <input_file id="fl-6">
         <path>.\Ethernet\</path>
         <kind>object</kind>
         <file>ARP.obj</file>
         <name>ARP.obj</name>
      </input_file>
      <input_file id="fl-7">
         <path>.\Ethernet\</path>
         <kind>object</kind>
         <file>DHCP.obj</file>
         <name>DHCP.obj</name>
      </input_file>
      <input_file id="fl-8">
         <path>.\Ethernet\</path>
         <kind>object</kind>
         <file>Ethernet.obj</file>
         <name>Ethernet.obj</name>
      </input_file>
      <input_file id="fl-9">
         <path>.\Ethernet\</path>
         <kind>object</kind>
         <file>ICMP.obj</file>
         <name>ICMP.obj</name>
      </input_file>
      <input_file id="fl-a">
         <path>.\Ethernet\</path>
         <kind>object</kind>
         <file>IP.obj</file>
         <name>IP.obj</name>
      </input_file>
      <input_file id="fl-b">
         <path>.\Ethernet\</path>
         <kind>object</kind>
         <file>TCP.obj</file>
         <name>TCP.obj</name>
      </input_file>
      <input_file id="fl-c">
         <path>.\Ethernet\</path>
         <kind>object</kind>
         <file>UDP.obj</file>
         <name>UDP.obj</name>
      </input_file>
      <input_file id="fl-d">
         <path>.\SPI\</path>
         <kind>object</kind>
         <file>SPI.obj</file>
         <name>SPI.obj</name>
      </input_file>
      <input_file id="fl-e">
         <path>.\UART\</path>
         <kind>object</kind>
         <file>UART.obj</file>
         <name>UART.obj</name>
      </input_file>
      <input_file id="fl-f">
         <path>.\UART\</path>
         <kind>object</kind>
         <file>debug.obj</file>
         <name>debug.obj</name>
      </input_file>
      <input_file id="fl-10">
         <path>.\UART\</path>
         <kind>object</kind>
         <file>uartstdio.obj</file>
         <name>uartstdio.obj</name>
      </input_file>
      <input_file id="fl-16">
         <kind>object</kind>
         <file>&lt;internal&gt;</file>
         <name>&lt;internal&gt;</name>
      </input_file>
      <input_file id="fl-17">
         <path>C:\ti\TivaWare_C_Series-2.1.4.178\driverlib\ccs\Debug\</path>
         <kind>archive</kind>
         <file>driverlib.lib</file>
         <name>gpio.obj</name>
      </input_file>
      <input_file id="fl-18">
         <path>C:\ti\TivaWare_C_Series-2.1.4.178\driverlib\ccs\Debug\</path>
         <kind>archive</kind>
         <file>driverlib.lib</file>
         <name>interrupt.obj</name>
      </input_file>
      <input_file id="fl-19">
         <path>C:\ti\TivaWare_C_Series-2.1.4.178\driverlib\ccs\Debug\</path>
         <kind>archive</kind>
         <file>driverlib.lib</file>
         <name>ssi.obj</name>
      </input_file>
      <input_file id="fl-1a">
         <path>C:\ti\TivaWare_C_Series-2.1.4.178\driverlib\ccs\Debug\</path>
         <kind>archive</kind>
         <file>driverlib.lib</file>
         <name>sysctl.obj</name>
      </input_file>
      <input_file id="fl-1b">
         <path>C:\ti\TivaWare_C_Series-2.1.4.178\driverlib\ccs\Debug\</path>
         <kind>archive</kind>
         <file>driverlib.lib</file>
         <name>systick.obj</name>
      </input_file>
      <input_file id="fl-1c">
         <path>C:\ti\TivaWare_C_Series-2.1.4.178\driverlib\ccs\Debug\</path>
         <kind>archive</kind>
         <file>driverlib.lib</file>
         <name>timer.obj</name>
      </input_file>
      <input_file id="fl-1d">
         <path>C:\ti\TivaWare_C_Series-2.1.4.178\driverlib\ccs\Debug\</path>
         <kind>archive</kind>
         <file>driverlib.lib</file>
         <name>uart.obj</name>
      </input_file>
      <input_file id="fl-1e">
         <path>C:\ti\TivaWare_C_Series-2.1.4.178\driverlib\ccs\Debug\</path>
         <kind>archive</kind>
         <file>driverlib.lib</file>
         <name>cpu.obj</name>
      </input_file>
      <input_file id="fl-d4">
         <path>C:\ti\ccsv7\tools\compiler\ti-cgt-arm_16.9.6.LTS\lib\</path>
         <kind>archive</kind>
         <file>rtsv7M4_T_le_v4SPD16_eabi.lib</file>
         <name>boot.obj</name>
      </input_file>
      <input_file id="fl-d5">
         <path>C:\ti\ccsv7\tools\compiler\ti-cgt-arm_16.9.6.LTS\lib\</path>
         <kind>archive</kind>
         <file>rtsv7M4_T_le_v4SPD16_eabi.lib</file>
         <name>copy_decompress_lzss.obj</name>
      </input_file>
      <input_file id="fl-d6">
         <path>C:\ti\ccsv7\tools\compiler\ti-cgt-arm_16.9.6.LTS\lib\</path>
         <kind>archive</kind>
         <file>rtsv7M4_T_le_v4SPD16_eabi.lib</file>
         <name>copy_decompress_none.obj</name>
      </input_file>
      <input_file id="fl-d7">
         <path>C:\ti\ccsv7\tools\compiler\ti-cgt-arm_16.9.6.LTS\lib\</path>
         <kind>archive</kind>
         <file>rtsv7M4_T_le_v4SPD16_eabi.lib</file>
         <name>copy_zero_init.obj</name>
      </input_file>
      <input_file id="fl-d8">
         <path>C:\ti\ccsv7\tools\compiler\ti-cgt-arm_16.9.6.LTS\lib\</path>
         <kind>archive</kind>
         <file>rtsv7M4_T_le_v4SPD16_eabi.lib</file>
         <name>exit.obj</name>
      </input_file>
      <input_file id="fl-d9">
         <path>C:\ti\ccsv7\tools\compiler\ti-cgt-arm_16.9.6.LTS\lib\</path>
         <kind>archive</kind>
         <file>rtsv7M4_T_le_v4SPD16_eabi.lib</file>
         <name>memcpy_t2.obj</name>
      </input_file>
      <input_file id="fl-da">
         <path>C:\ti\ccsv7\tools\compiler\ti-cgt-arm_16.9.6.LTS\lib\</path>
         <kind>archive</kind>
         <file>rtsv7M4_T_le_v4SPD16_eabi.lib</file>
         <name>memset_t2.obj</name>
      </input_file>
      <input_file id="fl-db">
         <path>C:\ti\ccsv7\tools\compiler\ti-cgt-arm_16.9.6.LTS\lib\</path>
         <kind>archive</kind>
         <file>rtsv7M4_T_le_v4SPD16_eabi.lib</file>
         <name>mpu_init.obj</name>
      </input_file>
      <input_file id="fl-dc">
         <path>C:\ti\ccsv7\tools\compiler\ti-cgt-arm_16.9.6.LTS\lib\</path>
         <kind>archive</kind>
         <file>rtsv7M4_T_le_v4SPD16_eabi.lib</file>
         <name>pre_init.obj</name>
      </input_file>
      <input_file id="fl-dd">
         <path>C:\ti\ccsv7\tools\compiler\ti-cgt-arm_16.9.6.LTS\lib\</path>
         <kind>archive</kind>
         <file>rtsv7M4_T_le_v4SPD16_eabi.lib</file>
         <name>stkdepth_vars.obj</name>
      </input_file>
      <input_file id="fl-de">
         <path>C:\ti\ccsv7\tools\compiler\ti-cgt-arm_16.9.6.LTS\lib\</path>
         <kind>archive</kind>
         <file>rtsv7M4_T_le_v4SPD16_eabi.lib</file>
         <name>strlen.obj</name>
      </input_file>
      <input_file id="fl-df">
         <path>C:\ti\ccsv7\tools\compiler\ti-cgt-arm_16.9.6.LTS\lib\</path>
         <kind>archive</kind>
         <file>rtsv7M4_T_le_v4SPD16_eabi.lib</file>
         <name>u_divt2.obj</name>
      </input_file>
      <input_file id="fl-e0">
         <path>C:\ti\ccsv7\tools\compiler\ti-cgt-arm_16.9.6.LTS\lib\</path>
         <kind>archive</kind>
         <file>rtsv7M4_T_le_v4SPD16_eabi.lib</file>
         <name>_lock.obj</name>
      </input_file>
      <input_file id="fl-e1">
         <path>C:\ti\ccsv7\tools\compiler\ti-cgt-arm_16.9.6.LTS\lib\</path>
         <kind>archive</kind>
         <file>rtsv7M4_T_le_v4SPD16_eabi.lib</file>
         <name>args_main.obj</name>
      </input_file>
      <input_file id="fl-e2">
         <path>C:\ti\ccsv7\tools\compiler\ti-cgt-arm_16.9.6.LTS\lib\</path>
         <kind>archive</kind>
         <file>rtsv7M4_T_le_v4SPD16_eabi.lib</file>
         <name>autoinit.obj</name>
      </input_file>
      <input_file id="fl-e3">
         <path>C:\ti\ccsv7\tools\compiler\ti-cgt-arm_16.9.6.LTS\lib\</path>
         <kind>archive</kind>
         <file>rtsv7M4_T_le_v4SPD16_eabi.lib</file>
         <name>cpy_tbl.obj</name>
      </input_file>
      <input_file id="fl-e4">
         <path>C:\ti\ccsv7\tools\compiler\ti-cgt-arm_16.9.6.LTS\lib\</path>
         <kind>archive</kind>
         <file>rtsv7M4_T_le_v4SPD16_eabi.lib</file>
         <name>i_div0.obj</name>
      </input_file>
      <input_file id="fl-e5">
         <path>C:\ti\ccsv7\tools\compiler\ti-cgt-arm_16.9.6.LTS\lib\</path>
         <kind>archive</kind>
         <file>rtsv7M4_T_le_v4SPD16_eabi.lib</file>
         <name>startup.obj</name>
      </input_file>
   </input_file_list>
   <object_component_list>
      <object_component id="oc-f">
         <name>.intvecs</name>
         <load_address>0x0</load_address>
         <run_address>0x0</run_address>
         <size>0x26c</size>
         <input_file_ref idref="fl-3"/>
      </object_component>
      <object_component id="oc-270">
         <name>.text</name>
         <load_address>0x26c</load_address>
         <run_address>0x26c</run_address>
         <size>0xc04</size>
         <input_file_ref idref="fl-b"/>
      </object_component>
      <object_component id="oc-234">
         <name>.text</name>
         <load_address>0xe70</load_address>
         <run_address>0xe70</run_address>
         <size>0x670</size>
         <input_file_ref idref="fl-5"/>
      </object_component>
      <object_component id="oc-10e">
         <name>.text</name>
         <load_address>0x14e0</load_address>
         <run_address>0x14e0</run_address>
         <size>0x5dc</size>
         <input_file_ref idref="fl-6"/>
      </object_component>
      <object_component id="oc-9e">
         <name>.text</name>
         <load_address>0x1abc</load_address>
         <run_address>0x1abc</run_address>
         <size>0x49c</size>
         <input_file_ref idref="fl-10"/>
      </object_component>
      <object_component id="oc-114">
         <name>.text</name>
         <load_address>0x1f58</load_address>
         <run_address>0x1f58</run_address>
         <size>0x3e8</size>
         <input_file_ref idref="fl-7"/>
      </object_component>
      <object_component id="oc-b0">
         <name>.text</name>
         <load_address>0x2340</load_address>
         <run_address>0x2340</run_address>
         <size>0x334</size>
         <input_file_ref idref="fl-f"/>
      </object_component>
      <object_component id="oc-1ce">
         <name>.text</name>
         <load_address>0x2674</load_address>
         <run_address>0x2674</run_address>
         <size>0x2c0</size>
         <input_file_ref idref="fl-a"/>
      </object_component>
      <object_component id="oc-23a">
         <name>.text</name>
         <load_address>0x2934</load_address>
         <run_address>0x2934</run_address>
         <size>0x204</size>
         <input_file_ref idref="fl-c"/>
      </object_component>
      <object_component id="oc-31">
         <name>.text</name>
         <load_address>0x2b38</load_address>
         <run_address>0x2b38</run_address>
         <size>0x1a8</size>
         <input_file_ref idref="fl-e"/>
      </object_component>
      <object_component id="oc-2d0">
         <name>.text</name>
         <load_address>0x2ce0</load_address>
         <run_address>0x2ce0</run_address>
         <size>0x146</size>
         <input_file_ref idref="fl-9"/>
      </object_component>
      <object_component id="oc-186">
         <name>.text:GPIOPadConfigSet</name>
         <load_address>0x2e26</load_address>
         <run_address>0x2e26</run_address>
         <size>0x132</size>
         <input_file_ref idref="fl-17"/>
      </object_component>
      <object_component id="oc-98">
         <name>.text:SysCtlClockGet</name>
         <load_address>0x2f58</load_address>
         <run_address>0x2f58</run_address>
         <size>0x110</size>
         <input_file_ref idref="fl-1a"/>
      </object_component>
      <object_component id="oc-26a">
         <name>.text</name>
         <load_address>0x3068</load_address>
         <run_address>0x3068</run_address>
         <size>0x108</size>
         <input_file_ref idref="fl-d"/>
      </object_component>
      <object_component id="oc-264">
         <name>.text:SysCtlClockSet</name>
         <load_address>0x3170</load_address>
         <run_address>0x3170</run_address>
         <size>0xf4</size>
         <input_file_ref idref="fl-1a"/>
      </object_component>
      <object_component id="oc-37">
         <name>.text</name>
         <load_address>0x3264</load_address>
         <run_address>0x3264</run_address>
         <size>0xe4</size>
         <input_file_ref idref="fl-4"/>
      </object_component>
      <object_component id="oc-166">
         <name>.text</name>
         <load_address>0x3348</load_address>
         <run_address>0x3348</run_address>
         <size>0xcc</size>
         <input_file_ref idref="fl-2"/>
      </object_component>
      <object_component id="oc-22b">
         <name>.text</name>
         <load_address>0x3414</load_address>
         <run_address>0x3414</run_address>
         <size>0xa4</size>
         <input_file_ref idref="fl-8"/>
      </object_component>
      <object_component id="oc-4b">
         <name>.text</name>
         <load_address>0x34b8</load_address>
         <run_address>0x34b8</run_address>
         <size>0x9c</size>
         <input_file_ref idref="fl-d9"/>
      </object_component>
      <object_component id="oc-57">
         <name>.text</name>
         <load_address>0x3554</load_address>
         <run_address>0x3554</run_address>
         <size>0x7a</size>
         <input_file_ref idref="fl-da"/>
      </object_component>
      <object_component id="oc-2be">
         <name>.text</name>
         <load_address>0x35ce</load_address>
         <run_address>0x35ce</run_address>
         <size>0x2</size>
         <input_file_ref idref="fl-e4"/>
      </object_component>
      <object_component id="oc-6f">
         <name>.text</name>
         <load_address>0x35d0</load_address>
         <run_address>0x35d0</run_address>
         <size>0x70</size>
         <input_file_ref idref="fl-e2"/>
      </object_component>
      <object_component id="oc-2e6">
         <name>.text:IntDisable</name>
         <load_address>0x3640</load_address>
         <run_address>0x3640</run_address>
         <size>0x68</size>
         <input_file_ref idref="fl-18"/>
      </object_component>
      <object_component id="oc-a4">
         <name>.text:IntEnable</name>
         <load_address>0x36a8</load_address>
         <run_address>0x36a8</run_address>
         <size>0x68</size>
         <input_file_ref idref="fl-18"/>
      </object_component>
      <object_component id="oc-12">
         <name>.text:decompress:lzss</name>
         <load_address>0x3710</load_address>
         <run_address>0x3710</run_address>
         <size>0x68</size>
         <input_file_ref idref="fl-d5"/>
      </object_component>
      <object_component id="oc-11a">
         <name>.text:TimerConfigure</name>
         <load_address>0x3778</load_address>
         <run_address>0x3778</run_address>
         <size>0x60</size>
         <input_file_ref idref="fl-1c"/>
      </object_component>
      <object_component id="oc-330">
         <name>.text:GPIOIntTypeSet</name>
         <load_address>0x37d8</load_address>
         <run_address>0x37d8</run_address>
         <size>0x56</size>
         <input_file_ref idref="fl-17"/>
      </object_component>
      <object_component id="oc-63">
         <name>.text</name>
         <load_address>0x382e</load_address>
         <run_address>0x382e</run_address>
         <size>0x2</size>
         <input_file_ref idref="fl-db"/>
      </object_component>
      <object_component id="oc-24">
         <name>.text</name>
         <load_address>0x3830</load_address>
         <run_address>0x3830</run_address>
         <size>0x54</size>
         <input_file_ref idref="fl-d4"/>
      </object_component>
      <object_component id="oc-7b">
         <name>.text</name>
         <load_address>0x3884</load_address>
         <run_address>0x3884</run_address>
         <size>0x54</size>
         <input_file_ref idref="fl-d8"/>
      </object_component>
      <object_component id="oc-158">
         <name>.text</name>
         <load_address>0x38d8</load_address>
         <run_address>0x38d8</run_address>
         <size>0x4c</size>
         <input_file_ref idref="fl-e3"/>
      </object_component>
      <object_component id="oc-8c">
         <name>.text:GPIOPinConfigure</name>
         <load_address>0x3924</load_address>
         <run_address>0x3924</run_address>
         <size>0x48</size>
         <input_file_ref idref="fl-17"/>
      </object_component>
      <object_component id="oc-197">
         <name>.text:UARTConfigSetExpClk</name>
         <load_address>0x396c</load_address>
         <run_address>0x396c</run_address>
         <size>0x46</size>
         <input_file_ref idref="fl-1d"/>
      </object_component>
      <object_component id="oc-15e">
         <name>.text</name>
         <load_address>0x39b2</load_address>
         <run_address>0x39b2</run_address>
         <size>0x2</size>
         <input_file_ref idref="fl-e5"/>
      </object_component>
      <object_component id="oc-381">
         <name>.text:_GPIOIntNumberGet</name>
         <load_address>0x39b4</load_address>
         <run_address>0x39b4</run_address>
         <size>0x44</size>
         <input_file_ref idref="fl-17"/>
      </object_component>
      <object_component id="oc-1b8">
         <name>.text</name>
         <load_address>0x39f8</load_address>
         <run_address>0x39f8</run_address>
         <size>0x40</size>
         <input_file_ref idref="fl-df"/>
      </object_component>
      <object_component id="oc-32a">
         <name>.text:SSIConfigSetExpClk</name>
         <load_address>0x3a38</load_address>
         <run_address>0x3a38</run_address>
         <size>0x3c</size>
         <input_file_ref idref="fl-19"/>
      </object_component>
      <object_component id="oc-191">
         <name>.text:SysCtlPeripheralPresent</name>
         <load_address>0x3a74</load_address>
         <run_address>0x3a74</run_address>
         <size>0x38</size>
         <input_file_ref idref="fl-1a"/>
      </object_component>
      <object_component id="oc-220">
         <name>.text:IntRegister</name>
         <load_address>0x3aac</load_address>
         <run_address>0x3aac</run_address>
         <size>0x34</size>
         <input_file_ref idref="fl-18"/>
      </object_component>
      <object_component id="oc-86">
         <name>.text:SysCtlPeripheralEnable</name>
         <load_address>0x3ae0</load_address>
         <run_address>0x3ae0</run_address>
         <size>0x34</size>
         <input_file_ref idref="fl-1a"/>
      </object_component>
      <object_component id="oc-180">
         <name>.text:GPIODirModeSet</name>
         <load_address>0x3b14</load_address>
         <run_address>0x3b14</run_address>
         <size>0x2a</size>
         <input_file_ref idref="fl-17"/>
      </object_component>
      <object_component id="oc-2ae">
         <name>.text:UARTDisable</name>
         <load_address>0x3b40</load_address>
         <run_address>0x3b40</run_address>
         <size>0x20</size>
         <input_file_ref idref="fl-1d"/>
      </object_component>
      <object_component id="oc-f6">
         <name>.text:SysTickIntRegister</name>
         <load_address>0x3b60</load_address>
         <run_address>0x3b60</run_address>
         <size>0x1c</size>
         <input_file_ref idref="fl-1b"/>
      </object_component>
      <object_component id="oc-336">
         <name>.text:GPIOIntRegister</name>
         <load_address>0x3b7c</load_address>
         <run_address>0x3b7c</run_address>
         <size>0x18</size>
         <input_file_ref idref="fl-17"/>
      </object_component>
      <object_component id="oc-31e">
         <name>.text:GPIOPinTypeGPIOOutput</name>
         <load_address>0x3b94</load_address>
         <run_address>0x3b94</run_address>
         <size>0x18</size>
         <input_file_ref idref="fl-17"/>
      </object_component>
      <object_component id="oc-75">
         <name>.text</name>
         <load_address>0x3bac</load_address>
         <run_address>0x3bac</run_address>
         <size>0x18</size>
         <input_file_ref idref="fl-e1"/>
      </object_component>
      <object_component id="oc-102">
         <name>.text:SysTickEnable</name>
         <load_address>0x3bc4</load_address>
         <run_address>0x3bc4</run_address>
         <size>0x14</size>
         <input_file_ref idref="fl-1b"/>
      </object_component>
      <object_component id="oc-fc">
         <name>.text:SysTickIntEnable</name>
         <load_address>0x3bd8</load_address>
         <run_address>0x3bd8</run_address>
         <size>0x14</size>
         <input_file_ref idref="fl-1b"/>
      </object_component>
      <object_component id="oc-19d">
         <name>.text:UARTEnable</name>
         <load_address>0x3bec</load_address>
         <run_address>0x3bec</run_address>
         <size>0x14</size>
         <input_file_ref idref="fl-1d"/>
      </object_component>
      <object_component id="oc-292">
         <name>.text</name>
         <load_address>0x3c00</load_address>
         <run_address>0x3c00</run_address>
         <size>0x14</size>
         <input_file_ref idref="fl-e0"/>
      </object_component>
      <object_component id="oc-306">
         <name>.text</name>
         <load_address>0x3c14</load_address>
         <run_address>0x3c14</run_address>
         <size>0x14</size>
         <input_file_ref idref="fl-de"/>
      </object_component>
      <object_component id="oc-324">
         <name>.text:GPIOPinTypeSSI</name>
         <load_address>0x3c28</load_address>
         <run_address>0x3c28</run_address>
         <size>0x12</size>
         <input_file_ref idref="fl-17"/>
      </object_component>
      <object_component id="oc-92">
         <name>.text:GPIOPinTypeUART</name>
         <load_address>0x3c3a</load_address>
         <run_address>0x3c3a</run_address>
         <size>0x12</size>
         <input_file_ref idref="fl-17"/>
      </object_component>
      <object_component id="oc-348">
         <name>.text:SSIDataGetNonBlocking</name>
         <load_address>0x3c4c</load_address>
         <run_address>0x3c4c</run_address>
         <size>0x12</size>
         <input_file_ref idref="fl-19"/>
      </object_component>
      <object_component id="oc-120">
         <name>.text:TimerLoadSet</name>
         <load_address>0x3c5e</load_address>
         <run_address>0x3c5e</run_address>
         <size>0x12</size>
         <input_file_ref idref="fl-1c"/>
      </object_component>
      <object_component id="oc-f0">
         <name>.text:SysTickPeriodSet</name>
         <load_address>0x3c70</load_address>
         <run_address>0x3c70</run_address>
         <size>0x10</size>
         <input_file_ref idref="fl-1b"/>
      </object_component>
      <object_component id="oc-34e">
         <name>.text:GPIOIntStatus</name>
         <load_address>0x3c80</load_address>
         <run_address>0x3c80</run_address>
         <size>0xe</size>
         <input_file_ref idref="fl-17"/>
      </object_component>
      <object_component id="oc-12c">
         <name>.text:TimerEnable</name>
         <load_address>0x3c8e</load_address>
         <run_address>0x3c8e</run_address>
         <size>0xe</size>
         <input_file_ref idref="fl-1c"/>
      </object_component>
      <object_component id="oc-b6">
         <name>.text:UARTCharGetNonBlocking</name>
         <load_address>0x3c9c</load_address>
         <run_address>0x3c9c</run_address>
         <size>0xe</size>
         <input_file_ref idref="fl-1d"/>
      </object_component>
      <object_component id="oc-bc">
         <name>.text:UARTCharsAvail</name>
         <load_address>0x3caa</load_address>
         <run_address>0x3caa</run_address>
         <size>0xe</size>
         <input_file_ref idref="fl-1d"/>
      </object_component>
      <object_component id="oc-18">
         <name>.text:decompress:none</name>
         <load_address>0x3cb8</load_address>
         <run_address>0x3cb8</run_address>
         <size>0xe</size>
         <input_file_ref idref="fl-d6"/>
      </object_component>
      <object_component id="oc-33c">
         <name>.text:GPIOIntEnable</name>
         <load_address>0x3cc6</load_address>
         <run_address>0x3cc6</run_address>
         <size>0xc</size>
         <input_file_ref idref="fl-17"/>
      </object_component>
      <object_component id="oc-2fb">
         <name>.text:SSIDataGet</name>
         <load_address>0x3cd2</load_address>
         <run_address>0x3cd2</run_address>
         <size>0xc</size>
         <input_file_ref idref="fl-19"/>
      </object_component>
      <object_component id="oc-1e">
         <name>.text:decompress:ZI</name>
         <load_address>0x3cde</load_address>
         <run_address>0x3cde</run_address>
         <size>0xc</size>
         <input_file_ref idref="fl-d7"/>
      </object_component>
      <object_component id="oc-2b">
         <name>.text</name>
         <load_address>0x3cea</load_address>
         <run_address>0x3cea</run_address>
         <size>0xc</size>
         <input_file_ref idref="fl-3"/>
      </object_component>
      <object_component id="oc-2f5">
         <name>.text:SSIDataPut</name>
         <load_address>0x3cf6</load_address>
         <run_address>0x3cf6</run_address>
         <size>0xa</size>
         <input_file_ref idref="fl-19"/>
      </object_component>
      <object_component id="oc-342">
         <name>.text:SSIEnable</name>
         <load_address>0x3d00</load_address>
         <run_address>0x3d00</run_address>
         <size>0xa</size>
         <input_file_ref idref="fl-19"/>
      </object_component>
      <object_component id="oc-1a9">
         <name>.text:UARTCharGet</name>
         <load_address>0x3d0a</load_address>
         <run_address>0x3d0a</run_address>
         <size>0xa</size>
         <input_file_ref idref="fl-1d"/>
      </object_component>
      <object_component id="oc-1a3">
         <name>.text:UARTCharPut</name>
         <load_address>0x3d14</load_address>
         <run_address>0x3d14</run_address>
         <size>0xa</size>
         <input_file_ref idref="fl-1d"/>
      </object_component>
      <object_component id="oc-c2">
         <name>.text:UARTIntStatus</name>
         <load_address>0x3d1e</load_address>
         <run_address>0x3d1e</run_address>
         <size>0xa</size>
         <input_file_ref idref="fl-1d"/>
      </object_component>
      <object_component id="oc-126">
         <name>.text:TimerIntEnable</name>
         <load_address>0x3d28</load_address>
         <run_address>0x3d28</run_address>
         <size>0x8</size>
         <input_file_ref idref="fl-1c"/>
      </object_component>
      <object_component id="oc-aa">
         <name>.text:UARTIntEnable</name>
         <load_address>0x3d30</load_address>
         <run_address>0x3d30</run_address>
         <size>0x8</size>
         <input_file_ref idref="fl-1d"/>
      </object_component>
      <object_component id="oc-354">
         <name>.text:GPIOIntClear</name>
         <load_address>0x3d38</load_address>
         <run_address>0x3d38</run_address>
         <size>0x6</size>
         <input_file_ref idref="fl-17"/>
      </object_component>
      <object_component id="oc-2ef">
         <name>.text:GPIOPinWrite</name>
         <load_address>0x3d3e</load_address>
         <run_address>0x3d3e</run_address>
         <size>0x6</size>
         <input_file_ref idref="fl-17"/>
      </object_component>
      <object_component id="oc-31c">
         <name>.text:SysCtlDelay</name>
         <load_address>0x3d44</load_address>
         <run_address>0x3d44</run_address>
         <size>0x6</size>
         <input_file_ref idref="fl-1a"/>
      </object_component>
      <object_component id="oc-108">
         <name>.text:TimerIntClear</name>
         <load_address>0x3d4a</load_address>
         <run_address>0x3d4a</run_address>
         <size>0x4</size>
         <input_file_ref idref="fl-1c"/>
      </object_component>
      <object_component id="oc-c8">
         <name>.text:UARTIntClear</name>
         <load_address>0x3d4e</load_address>
         <run_address>0x3d4e</run_address>
         <size>0x4</size>
         <input_file_ref idref="fl-1d"/>
      </object_component>
      <object_component id="oc-69">
         <name>.text</name>
         <load_address>0x3d52</load_address>
         <run_address>0x3d52</run_address>
         <size>0x4</size>
         <input_file_ref idref="fl-dc"/>
      </object_component>
      <object_component id="oc-394">
         <name>.const:g_ppui32GPIOIntMapSnowflake</name>
         <load_address>0x3d58</load_address>
         <run_address>0x3d58</run_address>
         <size>0xd8</size>
         <input_file_ref idref="fl-17"/>
      </object_component>
      <object_component id="oc-391">
         <name>.const:g_ppui32GPIOIntMapBlizzard</name>
         <load_address>0x3e30</load_address>
         <run_address>0x3e30</run_address>
         <size>0xc0</size>
         <input_file_ref idref="fl-17"/>
      </object_component>
      <object_component id="oc-17b">
         <name>.const:g_pui32GPIOBaseAddrs</name>
         <load_address>0x3ef0</load_address>
         <run_address>0x3ef0</run_address>
         <size>0x90</size>
         <input_file_ref idref="fl-17"/>
      </object_component>
      <object_component id="oc-2db">
         <name>.const:.string</name>
         <load_address>0x3f80</load_address>
         <run_address>0x3f80</run_address>
         <size>0x76</size>
         <input_file_ref idref="fl-f"/>
      </object_component>
      <object_component id="oc-1c7">
         <name>.const</name>
         <load_address>0x3ff8</load_address>
         <run_address>0x3ff8</run_address>
         <size>0x70</size>
         <input_file_ref idref="fl-18"/>
      </object_component>
      <object_component id="oc-18d">
         <name>.const:g_pui32Xtals</name>
         <load_address>0x4068</load_address>
         <run_address>0x4068</run_address>
         <size>0x6c</size>
         <input_file_ref idref="fl-1a"/>
      </object_component>
      <object_component id="oc-2c5">
         <name>.const:.string</name>
         <load_address>0x40d4</load_address>
         <run_address>0x40d4</run_address>
         <size>0x12</size>
         <input_file_ref idref="fl-10"/>
      </object_component>
      <object_component id="oc-1b5">
         <name>.const:g_ui32UARTBase</name>
         <load_address>0x40e8</load_address>
         <run_address>0x40e8</run_address>
         <size>0xc</size>
         <input_file_ref idref="fl-10"/>
      </object_component>
      <object_component id="oc-1af">
         <name>.const:g_ui32UARTPeriph</name>
         <load_address>0x40f4</load_address>
         <run_address>0x40f4</run_address>
         <size>0xc</size>
         <input_file_ref idref="fl-10"/>
      </object_component>
      <object_component id="oc-2d7">
         <name>.const:.string:$P$T0$1</name>
         <load_address>0x4100</load_address>
         <run_address>0x4100</run_address>
         <size>0x6</size>
         <input_file_ref idref="fl-a"/>
      </object_component>
      <object_component id="oc-247">
         <name>.const:.string:magic_cookie</name>
         <load_address>0x4106</load_address>
         <run_address>0x4106</run_address>
         <size>0x4</size>
         <input_file_ref idref="fl-7"/>
      </object_component>
      <object_component id="oc-1bd">
         <name>.const</name>
         <load_address>0x410c</load_address>
         <run_address>0x410c</run_address>
         <size>0x4</size>
         <input_file_ref idref="fl-10"/>
      </object_component>
      <object_component id="oc-3be">
         <name>.cinit..data.load</name>
         <load_address>0x4110</load_address>
         <run_address>0x4110</run_address>
         <size>0x2c</size>
      </object_component>
      <object_component id="oc-3bb">
         <name>__TI_handler_table</name>
         <load_address>0x413c</load_address>
         <run_address>0x413c</run_address>
         <size>0xc</size>
      </object_component>
      <object_component id="oc-3bf">
         <name>.cinit..bss.load</name>
         <load_address>0x4148</load_address>
         <run_address>0x4148</run_address>
         <size>0x8</size>
      </object_component>
      <object_component id="oc-3bd">
         <name>.cinit..vtable.load</name>
         <load_address>0x4150</load_address>
         <run_address>0x4150</run_address>
         <size>0x8</size>
      </object_component>
      <object_component id="oc-3bc">
         <name>__TI_cinit_table</name>
         <load_address>0x4158</load_address>
         <run_address>0x4158</run_address>
         <size>0x18</size>
      </object_component>
      <object_component id="oc-2e0">
         <name>.vtable</name>
         <uninitialized>true</uninitialized>
         <run_address>0x20000000</run_address>
         <size>0x26c</size>
         <input_file_ref idref="fl-18"/>
      </object_component>
      <object_component id="oc-27c">
         <name>.data:mac_addr</name>
         <load_address>0x20000c24</load_address>
         <run_address>0x20000c24</run_address>
         <size>0x6</size>
         <input_file_ref idref="fl-2"/>
      </object_component>
      <object_component id="oc-27f">
         <name>.data:ip_addr</name>
         <load_address>0x20000c39</load_address>
         <run_address>0x20000c39</run_address>
         <size>0x4</size>
         <input_file_ref idref="fl-2"/>
      </object_component>
      <object_component id="oc-282">
         <name>.data:subnet</name>
         <load_address>0x20000c44</load_address>
         <run_address>0x20000c44</run_address>
         <size>0x4</size>
         <input_file_ref idref="fl-2"/>
      </object_component>
      <object_component id="oc-285">
         <name>.data:gateway</name>
         <load_address>0x20000c35</load_address>
         <run_address>0x20000c35</run_address>
         <size>0x4</size>
         <input_file_ref idref="fl-2"/>
      </object_component>
      <object_component id="oc-276">
         <name>.data</name>
         <load_address>0x20000c1c</load_address>
         <run_address>0x20000c1c</run_address>
         <size>0x8</size>
         <input_file_ref idref="fl-2"/>
      </object_component>
      <object_component id="oc-279">
         <name>.data:abc</name>
         <load_address>0x20000c31</load_address>
         <run_address>0x20000c31</run_address>
         <size>0x4</size>
         <input_file_ref idref="fl-2"/>
      </object_component>
      <object_component id="oc-135">
         <name>.data</name>
         <load_address>0x20000c2a</load_address>
         <run_address>0x20000c2a</run_address>
         <size>0x1</size>
         <input_file_ref idref="fl-4"/>
      </object_component>
      <object_component id="oc-1d4">
         <name>.data:infoHeader</name>
         <load_address>0x20000bf4</load_address>
         <run_address>0x20000bf4</run_address>
         <size>0x14</size>
         <input_file_ref idref="fl-f"/>
      </object_component>
      <object_component id="oc-1b2">
         <name>.data</name>
         <load_address>0x20000c2c</load_address>
         <run_address>0x20000c2c</run_address>
         <size>0x5</size>
         <input_file_ref idref="fl-10"/>
      </object_component>
      <object_component id="oc-16e">
         <name>.data:$O1$$</name>
         <load_address>0x20000c08</load_address>
         <run_address>0x20000c08</run_address>
         <size>0xc</size>
         <input_file_ref idref="fl-d8"/>
      </object_component>
      <object_component id="oc-81">
         <name>.data</name>
         <load_address>0x20000c40</load_address>
         <run_address>0x20000c40</run_address>
         <size>0x4</size>
         <input_file_ref idref="fl-dd"/>
      </object_component>
      <object_component id="oc-171">
         <name>.data:$O1$$</name>
         <load_address>0x20000c14</load_address>
         <run_address>0x20000c14</run_address>
         <size>0x8</size>
         <input_file_ref idref="fl-e0"/>
      </object_component>
      <object_component id="oc-132">
         <name>.bss</name>
         <uninitialized>true</uninitialized>
         <run_address>0x200009d4</run_address>
         <size>0x4</size>
         <input_file_ref idref="fl-4"/>
      </object_component>
      <object_component id="oc-302">
         <name>.bss</name>
         <uninitialized>true</uninitialized>
         <run_address>0x200009f0</run_address>
         <size>0x3</size>
         <input_file_ref idref="fl-5"/>
      </object_component>
      <object_component id="oc-e9">
         <name>.common:UART0_buf</name>
         <uninitialized>true</uninitialized>
         <run_address>0x200008d8</run_address>
         <size>0x64</size>
      </object_component>
      <object_component id="oc-ce">
         <name>.common:bufCount_0</name>
         <uninitialized>true</uninitialized>
         <run_address>0x200009e0</run_address>
         <size>0x4</size>
      </object_component>
      <object_component id="oc-2ec">
         <name>.common:ethBuffer</name>
         <uninitialized>true</uninitialized>
         <run_address>0x2000026c</run_address>
         <size>0x2f4</size>
      </object_component>
      <object_component id="oc-30c">
         <name>.common:udpBuffer</name>
         <uninitialized>true</uninitialized>
         <run_address>0x20000560</run_address>
         <size>0x258</size>
      </object_component>
      <object_component id="oc-242">
         <name>.common:DhcpTransactID</name>
         <uninitialized>true</uninitialized>
         <run_address>0x200009dc</run_address>
         <size>0x4</size>
      </object_component>
      <object_component id="oc-243">
         <name>.common:DhcpLeaseTime</name>
         <uninitialized>true</uninitialized>
         <run_address>0x200009d8</run_address>
         <size>0x4</size>
      </object_component>
      <object_component id="oc-241">
         <name>.common:macaddr</name>
         <uninitialized>true</uninitialized>
         <run_address>0x200009c9</run_address>
         <size>0x8</size>
      </object_component>
      <object_component id="oc-246">
         <name>.common:packet</name>
         <uninitialized>true</uninitialized>
         <run_address>0x200009e4</run_address>
         <size>0x4</size>
      </object_component>
      <object_component id="oc-244">
         <name>.common:DhcpTimeout</name>
         <uninitialized>true</uninitialized>
         <run_address>0x200009d1</run_address>
         <size>0x1</size>
      </object_component>
      <object_component id="oc-245">
         <name>.common:DhcpRetries</name>
         <uninitialized>true</uninitialized>
         <run_address>0x200009a9</run_address>
         <size>0x1</size>
      </object_component>
      <object_component id="oc-240">
         <name>.common:s</name>
         <uninitialized>true</uninitialized>
         <run_address>0x20000994</run_address>
         <size>0x15</size>
      </object_component>
      <object_component id="oc-35b">
         <name>.common:tcpSessionTable</name>
         <uninitialized>true</uninitialized>
         <run_address>0x200007b8</run_address>
         <size>0x120</size>
      </object_component>
      <object_component id="oc-2ed">
         <name>.common:eth_got_frame</name>
         <uninitialized>true</uninitialized>
         <run_address>0x200009d2</run_address>
         <size>0x1</size>
      </object_component>
      <object_component id="oc-35c">
         <name>.common:tcpPKtest</name>
         <uninitialized>true</uninitialized>
         <run_address>0x200009e8</run_address>
         <size>0x4</size>
      </object_component>
      <object_component id="oc-301">
         <name>.common:thrash</name>
         <uninitialized>true</uninitialized>
         <run_address>0x200009ec</run_address>
         <size>0x4</size>
      </object_component>
      <object_component id="oc-232">
         <name>.common:ARPMyAddr</name>
         <uninitialized>true</uninitialized>
         <run_address>0x200009be</run_address>
         <size>0xb</size>
      </object_component>
      <object_component id="oc-231">
         <name>.common:ARPTable</name>
         <uninitialized>true</uninitialized>
         <run_address>0x2000093c</run_address>
         <size>0x58</size>
      </object_component>
      <object_component id="oc-2d6">
         <name>.common:Info</name>
         <uninitialized>true</uninitialized>
         <run_address>0x200009aa</run_address>
         <size>0x14</size>
      </object_component>
      <object_component id="oc-2a">
         <name>.stack</name>
         <uninitialized>true</uninitialized>
         <run_address>0x200009f4</run_address>
         <size>0x0</size>
         <input_file_ref idref="fl-d4"/>
      </object_component>
      <object_component id="oc-3c0">
         <name>.stack</name>
         <uninitialized>true</uninitialized>
         <run_address>0x200009f4</run_address>
         <size>0x0</size>
      </object_component>
      <object_component id="oc-cf">
         <name>.debug_info</name>
         <load_address>0x0</load_address>
         <run_address>0x0</run_address>
         <size>0x875</size>
         <input_file_ref idref="fl-2"/>
      </object_component>
      <object_component id="oc-27d">
         <name>.debug_info</name>
         <load_address>0x875</load_address>
         <run_address>0x875</run_address>
         <size>0xb3</size>
         <input_file_ref idref="fl-2"/>
      </object_component>
      <object_component id="oc-280">
         <name>.debug_info</name>
         <load_address>0x928</load_address>
         <run_address>0x928</run_address>
         <size>0xb1</size>
         <input_file_ref idref="fl-2"/>
      </object_component>
      <object_component id="oc-283">
         <name>.debug_info</name>
         <load_address>0x9d9</load_address>
         <run_address>0x9d9</run_address>
         <size>0xaf</size>
         <input_file_ref idref="fl-2"/>
      </object_component>
      <object_component id="oc-286">
         <name>.debug_info</name>
         <load_address>0xa88</load_address>
         <run_address>0xa88</run_address>
         <size>0xb1</size>
         <input_file_ref idref="fl-2"/>
      </object_component>
      <object_component id="oc-277">
         <name>.debug_info</name>
         <load_address>0xb39</load_address>
         <run_address>0xb39</run_address>
         <size>0xbe</size>
         <input_file_ref idref="fl-2"/>
      </object_component>
      <object_component id="oc-27a">
         <name>.debug_info</name>
         <load_address>0xbf7</load_address>
         <run_address>0xbf7</run_address>
         <size>0xa9</size>
         <input_file_ref idref="fl-2"/>
      </object_component>
      <object_component id="oc-167">
         <name>.debug_info</name>
         <load_address>0xca0</load_address>
         <run_address>0xca0</run_address>
         <size>0x326</size>
         <input_file_ref idref="fl-2"/>
      </object_component>
      <object_component id="oc-202">
         <name>.debug_info</name>
         <load_address>0xfc6</load_address>
         <run_address>0xfc6</run_address>
         <size>0x110</size>
         <input_file_ref idref="fl-2"/>
      </object_component>
      <object_component id="oc-1de">
         <name>.debug_info</name>
         <load_address>0x10d6</load_address>
         <run_address>0x10d6</run_address>
         <size>0x217</size>
         <input_file_ref idref="fl-2"/>
      </object_component>
      <object_component id="oc-1e3">
         <name>.debug_info</name>
         <load_address>0x12ed</load_address>
         <run_address>0x12ed</run_address>
         <size>0x17b</size>
         <input_file_ref idref="fl-2"/>
      </object_component>
      <object_component id="oc-46">
         <name>.debug_info</name>
         <load_address>0x1468</load_address>
         <run_address>0x1468</run_address>
         <size>0x84</size>
         <input_file_ref idref="fl-2"/>
      </object_component>
      <object_component id="oc-139">
         <name>.debug_info</name>
         <load_address>0x14ec</load_address>
         <run_address>0x14ec</run_address>
         <size>0x18b</size>
         <input_file_ref idref="fl-2"/>
      </object_component>
      <object_component id="oc-1c2">
         <name>.debug_info</name>
         <load_address>0x1677</load_address>
         <run_address>0x1677</run_address>
         <size>0x4e</size>
         <input_file_ref idref="fl-2"/>
      </object_component>
      <object_component id="oc-1e8">
         <name>.debug_info</name>
         <load_address>0x16c5</load_address>
         <run_address>0x16c5</run_address>
         <size>0x12b</size>
         <input_file_ref idref="fl-2"/>
      </object_component>
      <object_component id="oc-1fd">
         <name>.debug_info</name>
         <load_address>0x17f0</load_address>
         <run_address>0x17f0</run_address>
         <size>0x69</size>
         <input_file_ref idref="fl-2"/>
      </object_component>
      <object_component id="oc-20d">
         <name>.debug_info</name>
         <load_address>0x1859</load_address>
         <run_address>0x1859</run_address>
         <size>0x91</size>
         <input_file_ref idref="fl-2"/>
      </object_component>
      <object_component id="oc-1ed">
         <name>.debug_info</name>
         <load_address>0x18ea</load_address>
         <run_address>0x18ea</run_address>
         <size>0x22f</size>
         <input_file_ref idref="fl-2"/>
      </object_component>
      <object_component id="oc-1f2">
         <name>.debug_info</name>
         <load_address>0x1b19</load_address>
         <run_address>0x1b19</run_address>
         <size>0x104</size>
         <input_file_ref idref="fl-2"/>
      </object_component>
      <object_component id="oc-3f">
         <name>.debug_info</name>
         <load_address>0x1c1d</load_address>
         <run_address>0x1c1d</run_address>
         <size>0x2c0</size>
         <input_file_ref idref="fl-3"/>
      </object_component>
      <object_component id="oc-10">
         <name>.debug_info</name>
         <load_address>0x1edd</load_address>
         <run_address>0x1edd</run_address>
         <size>0xcf</size>
         <input_file_ref idref="fl-3"/>
      </object_component>
      <object_component id="oc-2c">
         <name>.debug_info</name>
         <load_address>0x1fac</load_address>
         <run_address>0x1fac</run_address>
         <size>0x24b</size>
         <input_file_ref idref="fl-3"/>
      </object_component>
      <object_component id="oc-d1">
         <name>.debug_info</name>
         <load_address>0x21f7</load_address>
         <run_address>0x21f7</run_address>
         <size>0x892</size>
         <input_file_ref idref="fl-4"/>
      </object_component>
      <object_component id="oc-136">
         <name>.debug_info</name>
         <load_address>0x2a89</load_address>
         <run_address>0x2a89</run_address>
         <size>0xac</size>
         <input_file_ref idref="fl-4"/>
      </object_component>
      <object_component id="oc-133">
         <name>.debug_info</name>
         <load_address>0x2b35</load_address>
         <run_address>0x2b35</run_address>
         <size>0xb7</size>
         <input_file_ref idref="fl-4"/>
      </object_component>
      <object_component id="oc-3a">
         <name>.debug_info</name>
         <load_address>0x2bec</load_address>
         <run_address>0x2bec</run_address>
         <size>0x4fa</size>
         <input_file_ref idref="fl-4"/>
      </object_component>
      <object_component id="oc-d3">
         <name>.debug_info</name>
         <load_address>0x30e6</load_address>
         <run_address>0x30e6</run_address>
         <size>0x6ff</size>
         <input_file_ref idref="fl-5"/>
      </object_component>
      <object_component id="oc-303">
         <name>.debug_info</name>
         <load_address>0x37e5</load_address>
         <run_address>0x37e5</run_address>
         <size>0xe9</size>
         <input_file_ref idref="fl-5"/>
      </object_component>
      <object_component id="oc-235">
         <name>.debug_info</name>
         <load_address>0x38ce</load_address>
         <run_address>0x38ce</run_address>
         <size>0x14c1</size>
         <input_file_ref idref="fl-5"/>
      </object_component>
      <object_component id="oc-d5">
         <name>.debug_info</name>
         <load_address>0x4d8f</load_address>
         <run_address>0x4d8f</run_address>
         <size>0x780</size>
         <input_file_ref idref="fl-6"/>
      </object_component>
      <object_component id="oc-10f">
         <name>.debug_info</name>
         <load_address>0x550f</load_address>
         <run_address>0x550f</run_address>
         <size>0xa56</size>
         <input_file_ref idref="fl-6"/>
      </object_component>
      <object_component id="oc-d7">
         <name>.debug_info</name>
         <load_address>0x5f65</load_address>
         <run_address>0x5f65</run_address>
         <size>0x7eb</size>
         <input_file_ref idref="fl-7"/>
      </object_component>
      <object_component id="oc-248">
         <name>.debug_info</name>
         <load_address>0x6750</load_address>
         <run_address>0x6750</run_address>
         <size>0xc4</size>
         <input_file_ref idref="fl-7"/>
      </object_component>
      <object_component id="oc-115">
         <name>.debug_info</name>
         <load_address>0x6814</load_address>
         <run_address>0x6814</run_address>
         <size>0x8ad</size>
         <input_file_ref idref="fl-7"/>
      </object_component>
      <object_component id="oc-d9">
         <name>.debug_info</name>
         <load_address>0x70c1</load_address>
         <run_address>0x70c1</run_address>
         <size>0x776</size>
         <input_file_ref idref="fl-8"/>
      </object_component>
      <object_component id="oc-22c">
         <name>.debug_info</name>
         <load_address>0x7837</load_address>
         <run_address>0x7837</run_address>
         <size>0x449</size>
         <input_file_ref idref="fl-8"/>
      </object_component>
      <object_component id="oc-db">
         <name>.debug_info</name>
         <load_address>0x7c80</load_address>
         <run_address>0x7c80</run_address>
         <size>0x73b</size>
         <input_file_ref idref="fl-9"/>
      </object_component>
      <object_component id="oc-2d2">
         <name>.debug_info</name>
         <load_address>0x83bb</load_address>
         <run_address>0x83bb</run_address>
         <size>0x3c7</size>
         <input_file_ref idref="fl-9"/>
      </object_component>
      <object_component id="oc-df">
         <name>.debug_info</name>
         <load_address>0x8782</load_address>
         <run_address>0x8782</run_address>
         <size>0x769</size>
         <input_file_ref idref="fl-a"/>
      </object_component>
      <object_component id="oc-2d8">
         <name>.debug_info</name>
         <load_address>0x8eeb</load_address>
         <run_address>0x8eeb</run_address>
         <size>0xb7</size>
         <input_file_ref idref="fl-a"/>
      </object_component>
      <object_component id="oc-1cf">
         <name>.debug_info</name>
         <load_address>0x8fa2</load_address>
         <run_address>0x8fa2</run_address>
         <size>0x74f</size>
         <input_file_ref idref="fl-a"/>
      </object_component>
      <object_component id="oc-dd">
         <name>.debug_info</name>
         <load_address>0x96f1</load_address>
         <run_address>0x96f1</run_address>
         <size>0x78b</size>
         <input_file_ref idref="fl-b"/>
      </object_component>
      <object_component id="oc-274">
         <name>.debug_info</name>
         <load_address>0x9e7c</load_address>
         <run_address>0x9e7c</run_address>
         <size>0xd14</size>
         <input_file_ref idref="fl-b"/>
      </object_component>
      <object_component id="oc-e1">
         <name>.debug_info</name>
         <load_address>0xab90</load_address>
         <run_address>0xab90</run_address>
         <size>0x76d</size>
         <input_file_ref idref="fl-c"/>
      </object_component>
      <object_component id="oc-23b">
         <name>.debug_info</name>
         <load_address>0xb2fd</load_address>
         <run_address>0xb2fd</run_address>
         <size>0x5ff</size>
         <input_file_ref idref="fl-c"/>
      </object_component>
      <object_component id="oc-e3">
         <name>.debug_info</name>
         <load_address>0xb8fc</load_address>
         <run_address>0xb8fc</run_address>
         <size>0x9e1</size>
         <input_file_ref idref="fl-d"/>
      </object_component>
      <object_component id="oc-26b">
         <name>.debug_info</name>
         <load_address>0xc2dd</load_address>
         <run_address>0xc2dd</run_address>
         <size>0x3a1</size>
         <input_file_ref idref="fl-d"/>
      </object_component>
      <object_component id="oc-eb">
         <name>.debug_info</name>
         <load_address>0xc67e</load_address>
         <run_address>0xc67e</run_address>
         <size>0x8b</size>
         <input_file_ref idref="fl-d"/>
      </object_component>
      <object_component id="oc-e5">
         <name>.debug_info</name>
         <load_address>0xc709</load_address>
         <run_address>0xc709</run_address>
         <size>0x8a6</size>
         <input_file_ref idref="fl-e"/>
      </object_component>
      <object_component id="oc-32">
         <name>.debug_info</name>
         <load_address>0xcfaf</load_address>
         <run_address>0xcfaf</run_address>
         <size>0x3f2</size>
         <input_file_ref idref="fl-e"/>
      </object_component>
      <object_component id="oc-e7">
         <name>.debug_info</name>
         <load_address>0xd3a1</load_address>
         <run_address>0xd3a1</run_address>
         <size>0x71c</size>
         <input_file_ref idref="fl-f"/>
      </object_component>
      <object_component id="oc-1d5">
         <name>.debug_info</name>
         <load_address>0xdabd</load_address>
         <run_address>0xdabd</run_address>
         <size>0xbd</size>
         <input_file_ref idref="fl-f"/>
      </object_component>
      <object_component id="oc-b1">
         <name>.debug_info</name>
         <load_address>0xdb7a</load_address>
         <run_address>0xdb7a</run_address>
         <size>0x4e6</size>
         <input_file_ref idref="fl-f"/>
      </object_component>
      <object_component id="oc-1c1">
         <name>.debug_info</name>
         <load_address>0xe060</load_address>
         <run_address>0xe060</run_address>
         <size>0x3bd</size>
         <input_file_ref idref="fl-10"/>
      </object_component>
      <object_component id="oc-1b3">
         <name>.debug_info</name>
         <load_address>0xe41d</load_address>
         <run_address>0xe41d</run_address>
         <size>0xc0</size>
         <input_file_ref idref="fl-10"/>
      </object_component>
      <object_component id="oc-1be">
         <name>.debug_info</name>
         <load_address>0xe4dd</load_address>
         <run_address>0xe4dd</run_address>
         <size>0xba</size>
         <input_file_ref idref="fl-10"/>
      </object_component>
      <object_component id="oc-1b6">
         <name>.debug_info</name>
         <load_address>0xe597</load_address>
         <run_address>0xe597</run_address>
         <size>0xc8</size>
         <input_file_ref idref="fl-10"/>
      </object_component>
      <object_component id="oc-1b0">
         <name>.debug_info</name>
         <load_address>0xe65f</load_address>
         <run_address>0xe65f</run_address>
         <size>0xcc</size>
         <input_file_ref idref="fl-10"/>
      </object_component>
      <object_component id="oc-9f">
         <name>.debug_info</name>
         <load_address>0xe72b</load_address>
         <run_address>0xe72b</run_address>
         <size>0x7a5</size>
         <input_file_ref idref="fl-10"/>
      </object_component>
      <object_component id="oc-17f">
         <name>.debug_info</name>
         <load_address>0xeed0</load_address>
         <run_address>0xeed0</run_address>
         <size>0x240</size>
         <input_file_ref idref="fl-17"/>
      </object_component>
      <object_component id="oc-392">
         <name>.debug_info</name>
         <load_address>0xf110</load_address>
         <run_address>0xf110</run_address>
         <size>0x167</size>
         <input_file_ref idref="fl-17"/>
      </object_component>
      <object_component id="oc-395">
         <name>.debug_info</name>
         <load_address>0xf277</load_address>
         <run_address>0xf277</run_address>
         <size>0x169</size>
         <input_file_ref idref="fl-17"/>
      </object_component>
      <object_component id="oc-17c">
         <name>.debug_info</name>
         <load_address>0xf3e0</load_address>
         <run_address>0xf3e0</run_address>
         <size>0x15b</size>
         <input_file_ref idref="fl-17"/>
      </object_component>
      <object_component id="oc-2f0">
         <name>.debug_info</name>
         <load_address>0xf53b</load_address>
         <run_address>0xf53b</run_address>
         <size>0x2a3</size>
         <input_file_ref idref="fl-17"/>
      </object_component>
      <object_component id="oc-181">
         <name>.debug_info</name>
         <load_address>0xf7de</load_address>
         <run_address>0xf7de</run_address>
         <size>0x2b3</size>
         <input_file_ref idref="fl-17"/>
      </object_component>
      <object_component id="oc-187">
         <name>.debug_info</name>
         <load_address>0xfa91</load_address>
         <run_address>0xfa91</run_address>
         <size>0x316</size>
         <input_file_ref idref="fl-17"/>
      </object_component>
      <object_component id="oc-93">
         <name>.debug_info</name>
         <load_address>0xfda7</load_address>
         <run_address>0xfda7</run_address>
         <size>0x27b</size>
         <input_file_ref idref="fl-17"/>
      </object_component>
      <object_component id="oc-325">
         <name>.debug_info</name>
         <load_address>0x10022</load_address>
         <run_address>0x10022</run_address>
         <size>0x279</size>
         <input_file_ref idref="fl-17"/>
      </object_component>
      <object_component id="oc-31f">
         <name>.debug_info</name>
         <load_address>0x1029b</load_address>
         <run_address>0x1029b</run_address>
         <size>0x2b7</size>
         <input_file_ref idref="fl-17"/>
      </object_component>
      <object_component id="oc-8d">
         <name>.debug_info</name>
         <load_address>0x10552</load_address>
         <run_address>0x10552</run_address>
         <size>0x280</size>
         <input_file_ref idref="fl-17"/>
      </object_component>
      <object_component id="oc-382">
         <name>.debug_info</name>
         <load_address>0x107d2</load_address>
         <run_address>0x107d2</run_address>
         <size>0x298</size>
         <input_file_ref idref="fl-17"/>
      </object_component>
      <object_component id="oc-331">
         <name>.debug_info</name>
         <load_address>0x10a6a</load_address>
         <run_address>0x10a6a</run_address>
         <size>0x2bb</size>
         <input_file_ref idref="fl-17"/>
      </object_component>
      <object_component id="oc-34f">
         <name>.debug_info</name>
         <load_address>0x10d25</load_address>
         <run_address>0x10d25</run_address>
         <size>0x27f</size>
         <input_file_ref idref="fl-17"/>
      </object_component>
      <object_component id="oc-337">
         <name>.debug_info</name>
         <load_address>0x10fa4</load_address>
         <run_address>0x10fa4</run_address>
         <size>0x2cf</size>
         <input_file_ref idref="fl-17"/>
      </object_component>
      <object_component id="oc-33d">
         <name>.debug_info</name>
         <load_address>0x11273</load_address>
         <run_address>0x11273</run_address>
         <size>0x28f</size>
         <input_file_ref idref="fl-17"/>
      </object_component>
      <object_component id="oc-355">
         <name>.debug_info</name>
         <load_address>0x11502</load_address>
         <run_address>0x11502</run_address>
         <size>0x28d</size>
         <input_file_ref idref="fl-17"/>
      </object_component>
      <object_component id="oc-1cb">
         <name>.debug_info</name>
         <load_address>0x1178f</load_address>
         <run_address>0x1178f</run_address>
         <size>0x20e</size>
         <input_file_ref idref="fl-18"/>
      </object_component>
      <object_component id="oc-1c8">
         <name>.debug_info</name>
         <load_address>0x1199d</load_address>
         <run_address>0x1199d</run_address>
         <size>0x210</size>
         <input_file_ref idref="fl-18"/>
      </object_component>
      <object_component id="oc-2e1">
         <name>.debug_info</name>
         <load_address>0x11bad</load_address>
         <run_address>0x11bad</run_address>
         <size>0x157</size>
         <input_file_ref idref="fl-18"/>
      </object_component>
      <object_component id="oc-223">
         <name>.debug_info</name>
         <load_address>0x11d04</load_address>
         <run_address>0x11d04</run_address>
         <size>0x2c1</size>
         <input_file_ref idref="fl-18"/>
      </object_component>
      <object_component id="oc-a8">
         <name>.debug_info</name>
         <load_address>0x11fc5</load_address>
         <run_address>0x11fc5</run_address>
         <size>0x268</size>
         <input_file_ref idref="fl-18"/>
      </object_component>
      <object_component id="oc-2ea">
         <name>.debug_info</name>
         <load_address>0x1222d</load_address>
         <run_address>0x1222d</run_address>
         <size>0x26a</size>
         <input_file_ref idref="fl-18"/>
      </object_component>
      <object_component id="oc-377">
         <name>.debug_info</name>
         <load_address>0x12497</load_address>
         <run_address>0x12497</run_address>
         <size>0x21c</size>
         <input_file_ref idref="fl-19"/>
      </object_component>
      <object_component id="oc-343">
         <name>.debug_info</name>
         <load_address>0x126b3</load_address>
         <run_address>0x126b3</run_address>
         <size>0x242</size>
         <input_file_ref idref="fl-19"/>
      </object_component>
      <object_component id="oc-2f6">
         <name>.debug_info</name>
         <load_address>0x128f5</load_address>
         <run_address>0x128f5</run_address>
         <size>0x276</size>
         <input_file_ref idref="fl-19"/>
      </object_component>
      <object_component id="oc-349">
         <name>.debug_info</name>
         <load_address>0x12b6b</load_address>
         <run_address>0x12b6b</run_address>
         <size>0x29a</size>
         <input_file_ref idref="fl-19"/>
      </object_component>
      <object_component id="oc-2fc">
         <name>.debug_info</name>
         <load_address>0x12e05</load_address>
         <run_address>0x12e05</run_address>
         <size>0x27a</size>
         <input_file_ref idref="fl-19"/>
      </object_component>
      <object_component id="oc-32b">
         <name>.debug_info</name>
         <load_address>0x1307f</load_address>
         <run_address>0x1307f</run_address>
         <size>0x3d9</size>
         <input_file_ref idref="fl-19"/>
      </object_component>
      <object_component id="oc-17a">
         <name>.debug_info</name>
         <load_address>0x13458</load_address>
         <run_address>0x13458</run_address>
         <size>0x298</size>
         <input_file_ref idref="fl-1a"/>
      </object_component>
      <object_component id="oc-18e">
         <name>.debug_info</name>
         <load_address>0x136f0</load_address>
         <run_address>0x136f0</run_address>
         <size>0x14d</size>
         <input_file_ref idref="fl-1a"/>
      </object_component>
      <object_component id="oc-192">
         <name>.debug_info</name>
         <load_address>0x1383d</load_address>
         <run_address>0x1383d</run_address>
         <size>0x283</size>
         <input_file_ref idref="fl-1a"/>
      </object_component>
      <object_component id="oc-87">
         <name>.debug_info</name>
         <load_address>0x13ac0</load_address>
         <run_address>0x13ac0</run_address>
         <size>0x27d</size>
         <input_file_ref idref="fl-1a"/>
      </object_component>
      <object_component id="oc-265">
         <name>.debug_info</name>
         <load_address>0x13d3d</load_address>
         <run_address>0x13d3d</run_address>
         <size>0x2db</size>
         <input_file_ref idref="fl-1a"/>
      </object_component>
      <object_component id="oc-99">
         <name>.debug_info</name>
         <load_address>0x14018</load_address>
         <run_address>0x14018</run_address>
         <size>0x2b5</size>
         <input_file_ref idref="fl-1a"/>
      </object_component>
      <object_component id="oc-2a0">
         <name>.debug_info</name>
         <load_address>0x142cd</load_address>
         <run_address>0x142cd</run_address>
         <size>0x5f</size>
         <input_file_ref idref="fl-1a"/>
      </object_component>
      <object_component id="oc-21f">
         <name>.debug_info</name>
         <load_address>0x1432c</load_address>
         <run_address>0x1432c</run_address>
         <size>0x19d</size>
         <input_file_ref idref="fl-1b"/>
      </object_component>
      <object_component id="oc-f1">
         <name>.debug_info</name>
         <load_address>0x144c9</load_address>
         <run_address>0x144c9</run_address>
         <size>0x261</size>
         <input_file_ref idref="fl-1b"/>
      </object_component>
      <object_component id="oc-f8">
         <name>.debug_info</name>
         <load_address>0x1472a</load_address>
         <run_address>0x1472a</run_address>
         <size>0x277</size>
         <input_file_ref idref="fl-1b"/>
      </object_component>
      <object_component id="oc-fe">
         <name>.debug_info</name>
         <load_address>0x149a1</load_address>
         <run_address>0x149a1</run_address>
         <size>0x227</size>
         <input_file_ref idref="fl-1b"/>
      </object_component>
      <object_component id="oc-104">
         <name>.debug_info</name>
         <load_address>0x14bc8</load_address>
         <run_address>0x14bc8</run_address>
         <size>0x221</size>
         <input_file_ref idref="fl-1b"/>
      </object_component>
      <object_component id="oc-22a">
         <name>.debug_info</name>
         <load_address>0x14de9</load_address>
         <run_address>0x14de9</run_address>
         <size>0x223</size>
         <input_file_ref idref="fl-1c"/>
      </object_component>
      <object_component id="oc-122">
         <name>.debug_info</name>
         <load_address>0x1500c</load_address>
         <run_address>0x1500c</run_address>
         <size>0x2ba</size>
         <input_file_ref idref="fl-1c"/>
      </object_component>
      <object_component id="oc-128">
         <name>.debug_info</name>
         <load_address>0x152c6</load_address>
         <run_address>0x152c6</run_address>
         <size>0x294</size>
         <input_file_ref idref="fl-1c"/>
      </object_component>
      <object_component id="oc-10a">
         <name>.debug_info</name>
         <load_address>0x1555a</load_address>
         <run_address>0x1555a</run_address>
         <size>0x292</size>
         <input_file_ref idref="fl-1c"/>
      </object_component>
      <object_component id="oc-12e">
         <name>.debug_info</name>
         <load_address>0x157ec</load_address>
         <run_address>0x157ec</run_address>
         <size>0x27f</size>
         <input_file_ref idref="fl-1c"/>
      </object_component>
      <object_component id="oc-11d">
         <name>.debug_info</name>
         <load_address>0x15a6b</load_address>
         <run_address>0x15a6b</run_address>
         <size>0x28c</size>
         <input_file_ref idref="fl-1c"/>
      </object_component>
      <object_component id="oc-1cd">
         <name>.debug_info</name>
         <load_address>0x15cf7</load_address>
         <run_address>0x15cf7</run_address>
         <size>0x227</size>
         <input_file_ref idref="fl-1d"/>
      </object_component>
      <object_component id="oc-c3">
         <name>.debug_info</name>
         <load_address>0x15f1e</load_address>
         <run_address>0x15f1e</run_address>
         <size>0x27f</size>
         <input_file_ref idref="fl-1d"/>
      </object_component>
      <object_component id="oc-ab">
         <name>.debug_info</name>
         <load_address>0x1619d</load_address>
         <run_address>0x1619d</run_address>
         <size>0x28f</size>
         <input_file_ref idref="fl-1d"/>
      </object_component>
      <object_component id="oc-c9">
         <name>.debug_info</name>
         <load_address>0x1642c</load_address>
         <run_address>0x1642c</run_address>
         <size>0x28d</size>
         <input_file_ref idref="fl-1d"/>
      </object_component>
      <object_component id="oc-19e">
         <name>.debug_info</name>
         <load_address>0x166b9</load_address>
         <run_address>0x166b9</run_address>
         <size>0x247</size>
         <input_file_ref idref="fl-1d"/>
      </object_component>
      <object_component id="oc-2af">
         <name>.debug_info</name>
         <load_address>0x16900</load_address>
         <run_address>0x16900</run_address>
         <size>0x249</size>
         <input_file_ref idref="fl-1d"/>
      </object_component>
      <object_component id="oc-198">
         <name>.debug_info</name>
         <load_address>0x16b49</load_address>
         <run_address>0x16b49</run_address>
         <size>0x326</size>
         <input_file_ref idref="fl-1d"/>
      </object_component>
      <object_component id="oc-bd">
         <name>.debug_info</name>
         <load_address>0x16e6f</load_address>
         <run_address>0x16e6f</run_address>
         <size>0x253</size>
         <input_file_ref idref="fl-1d"/>
      </object_component>
      <object_component id="oc-1a4">
         <name>.debug_info</name>
         <load_address>0x170c2</load_address>
         <run_address>0x170c2</run_address>
         <size>0x273</size>
         <input_file_ref idref="fl-1d"/>
      </object_component>
      <object_component id="oc-b7">
         <name>.debug_info</name>
         <load_address>0x17335</load_address>
         <run_address>0x17335</run_address>
         <size>0x263</size>
         <input_file_ref idref="fl-1d"/>
      </object_component>
      <object_component id="oc-1aa">
         <name>.debug_info</name>
         <load_address>0x17598</load_address>
         <run_address>0x17598</run_address>
         <size>0x24d</size>
         <input_file_ref idref="fl-1d"/>
      </object_component>
      <object_component id="oc-27">
         <name>.debug_info</name>
         <load_address>0x177e5</load_address>
         <run_address>0x177e5</run_address>
         <size>0x160</size>
         <input_file_ref idref="fl-d4"/>
      </object_component>
      <object_component id="oc-145">
         <name>.debug_info</name>
         <load_address>0x17945</load_address>
         <run_address>0x17945</run_address>
         <size>0x293</size>
         <input_file_ref idref="fl-d5"/>
      </object_component>
      <object_component id="oc-16">
         <name>.debug_info</name>
         <load_address>0x17bd8</load_address>
         <run_address>0x17bd8</run_address>
         <size>0x245</size>
         <input_file_ref idref="fl-d5"/>
      </object_component>
      <object_component id="oc-41">
         <name>.debug_info</name>
         <load_address>0x17e1d</load_address>
         <run_address>0x17e1d</run_address>
         <size>0x60</size>
         <input_file_ref idref="fl-d5"/>
      </object_component>
      <object_component id="oc-140">
         <name>.debug_info</name>
         <load_address>0x17e7d</load_address>
         <run_address>0x17e7d</run_address>
         <size>0x46</size>
         <input_file_ref idref="fl-d5"/>
      </object_component>
      <object_component id="oc-56">
         <name>.debug_info</name>
         <load_address>0x17ec3</load_address>
         <run_address>0x17ec3</run_address>
         <size>0x2da</size>
         <input_file_ref idref="fl-d6"/>
      </object_component>
      <object_component id="oc-19">
         <name>.debug_info</name>
         <load_address>0x1819d</load_address>
         <run_address>0x1819d</run_address>
         <size>0x1df</size>
         <input_file_ref idref="fl-d6"/>
      </object_component>
      <object_component id="oc-51">
         <name>.debug_info</name>
         <load_address>0x1837c</load_address>
         <run_address>0x1837c</run_address>
         <size>0x46</size>
         <input_file_ref idref="fl-d6"/>
      </object_component>
      <object_component id="oc-147">
         <name>.debug_info</name>
         <load_address>0x183c2</load_address>
         <run_address>0x183c2</run_address>
         <size>0x2c</size>
         <input_file_ref idref="fl-d6"/>
      </object_component>
      <object_component id="oc-62">
         <name>.debug_info</name>
         <load_address>0x183ee</load_address>
         <run_address>0x183ee</run_address>
         <size>0x2c9</size>
         <input_file_ref idref="fl-d7"/>
      </object_component>
      <object_component id="oc-1f">
         <name>.debug_info</name>
         <load_address>0x186b7</load_address>
         <run_address>0x186b7</run_address>
         <size>0x1aa</size>
         <input_file_ref idref="fl-d7"/>
      </object_component>
      <object_component id="oc-5d">
         <name>.debug_info</name>
         <load_address>0x18861</load_address>
         <run_address>0x18861</run_address>
         <size>0x46</size>
         <input_file_ref idref="fl-d7"/>
      </object_component>
      <object_component id="oc-14f">
         <name>.debug_info</name>
         <load_address>0x188a7</load_address>
         <run_address>0x188a7</run_address>
         <size>0x2c</size>
         <input_file_ref idref="fl-d7"/>
      </object_component>
      <object_component id="oc-175">
         <name>.debug_info</name>
         <load_address>0x188d3</load_address>
         <run_address>0x188d3</run_address>
         <size>0x3ce</size>
         <input_file_ref idref="fl-d8"/>
      </object_component>
      <object_component id="oc-16f">
         <name>.debug_info</name>
         <load_address>0x18ca1</load_address>
         <run_address>0x18ca1</run_address>
         <size>0x185</size>
         <input_file_ref idref="fl-d8"/>
      </object_component>
      <object_component id="oc-7d">
         <name>.debug_info</name>
         <load_address>0x18e26</load_address>
         <run_address>0x18e26</run_address>
         <size>0x214</size>
         <input_file_ref idref="fl-d8"/>
      </object_component>
      <object_component id="oc-4c">
         <name>.debug_info</name>
         <load_address>0x1903a</load_address>
         <run_address>0x1903a</run_address>
         <size>0x111</size>
         <input_file_ref idref="fl-d9"/>
      </object_component>
      <object_component id="oc-59">
         <name>.debug_info</name>
         <load_address>0x1914b</load_address>
         <run_address>0x1914b</run_address>
         <size>0x13f</size>
         <input_file_ref idref="fl-da"/>
      </object_component>
      <object_component id="oc-65">
         <name>.debug_info</name>
         <load_address>0x1928a</load_address>
         <run_address>0x1928a</run_address>
         <size>0x138</size>
         <input_file_ref idref="fl-db"/>
      </object_component>
      <object_component id="oc-6b">
         <name>.debug_info</name>
         <load_address>0x193c2</load_address>
         <run_address>0x193c2</run_address>
         <size>0x148</size>
         <input_file_ref idref="fl-dc"/>
      </object_component>
      <object_component id="oc-82">
         <name>.debug_info</name>
         <load_address>0x1950a</load_address>
         <run_address>0x1950a</run_address>
         <size>0x109</size>
         <input_file_ref idref="fl-dd"/>
      </object_component>
      <object_component id="oc-37c">
         <name>.debug_info</name>
         <load_address>0x19613</load_address>
         <run_address>0x19613</run_address>
         <size>0x284</size>
         <input_file_ref idref="fl-de"/>
      </object_component>
      <object_component id="oc-307">
         <name>.debug_info</name>
         <load_address>0x19897</load_address>
         <run_address>0x19897</run_address>
         <size>0x22a</size>
         <input_file_ref idref="fl-de"/>
      </object_component>
      <object_component id="oc-1ba">
         <name>.debug_info</name>
         <load_address>0x19ac1</load_address>
         <run_address>0x19ac1</run_address>
         <size>0x13a</size>
         <input_file_ref idref="fl-df"/>
      </object_component>
      <object_component id="oc-29a">
         <name>.debug_info</name>
         <load_address>0x19bfb</load_address>
         <run_address>0x19bfb</run_address>
         <size>0x2be</size>
         <input_file_ref idref="fl-e0"/>
      </object_component>
      <object_component id="oc-172">
         <name>.debug_info</name>
         <load_address>0x19eb9</load_address>
         <run_address>0x19eb9</run_address>
         <size>0x113</size>
         <input_file_ref idref="fl-e0"/>
      </object_component>
      <object_component id="oc-295">
         <name>.debug_info</name>
         <load_address>0x19fcc</load_address>
         <run_address>0x19fcc</run_address>
         <size>0x21f</size>
         <input_file_ref idref="fl-e0"/>
      </object_component>
      <object_component id="oc-16d">
         <name>.debug_info</name>
         <load_address>0x1a1eb</load_address>
         <run_address>0x1a1eb</run_address>
         <size>0x300</size>
         <input_file_ref idref="fl-e1"/>
      </object_component>
      <object_component id="oc-77">
         <name>.debug_info</name>
         <load_address>0x1a4eb</load_address>
         <run_address>0x1a4eb</run_address>
         <size>0x167</size>
         <input_file_ref idref="fl-e1"/>
      </object_component>
      <object_component id="oc-28b">
         <name>.debug_info</name>
         <load_address>0x1a652</load_address>
         <run_address>0x1a652</run_address>
         <size>0x5e</size>
         <input_file_ref idref="fl-e1"/>
      </object_component>
      <object_component id="oc-165">
         <name>.debug_info</name>
         <load_address>0x1a6b0</load_address>
         <run_address>0x1a6b0</run_address>
         <size>0x483</size>
         <input_file_ref idref="fl-e2"/>
      </object_component>
      <object_component id="oc-73">
         <name>.debug_info</name>
         <load_address>0x1ab33</load_address>
         <run_address>0x1ab33</run_address>
         <size>0x190</size>
         <input_file_ref idref="fl-e2"/>
      </object_component>
      <object_component id="oc-25a">
         <name>.debug_info</name>
         <load_address>0x1acc3</load_address>
         <run_address>0x1acc3</run_address>
         <size>0x39</size>
         <input_file_ref idref="fl-e2"/>
      </object_component>
[...]
      <symbol id="sm-225">
         <name>icmpEchoReply</name>
         <value>0x2ce1</value>
         <object_component_ref idref="oc-2d0"/>
      </symbol>
      <symbol id="sm-226">
         <name>icmpRequest</name>
         <value>0x2d73</value>
         <object_component_ref idref="oc-2d0"/>
      </symbol>
      <symbol id="sm-227">
         <name>icmpIpIn</name>
         <value>0x2e07</value>
         <object_component_ref idref="oc-2d0"/>
      </symbol>
      <symbol id="sm-250">
         <name>Info</name>
         <value>0x200009aa</value>
      </symbol>
      <symbol id="sm-251">
         <name>parseHexIP</name>
         <value>0x2901</value>
         <object_component_ref idref="oc-1ce"/>
      </symbol>
      <symbol id="sm-252">
         <name>ipSend</name>
         <value>0x2745</value>
         <object_component_ref idref="oc-1ce"/>
      </symbol>
      <symbol id="sm-253">
         <name>ipConfig</name>
         <value>0x2679</value>
         <object_component_ref idref="oc-1ce"/>
      </symbol>
      <symbol id="sm-254">
         <name>GetInfo</name>
         <value>0x2675</value>
         <object_component_ref idref="oc-1ce"/>
      </symbol>
      <symbol id="sm-255">
         <name>ipChecksum</name>
         <value>0x26d9</value>
         <object_component_ref idref="oc-1ce"/>
      </symbol>
      <symbol id="sm-256">
         <name>u32con</name>
         <value>0x28db</value>
         <object_component_ref idref="oc-1ce"/>
      </symbol>
      <symbol id="sm-257">
         <name>IPProcess</name>
         <value>0x2845</value>
         <object_component_ref idref="oc-1ce"/>
      </symbol>
      <symbol id="sm-2c8">
         <name>TCPCheckTimeOut</name>
         <value>0x40f</value>
         <object_component_ref idref="oc-270"/>
      </symbol>
      <symbol id="sm-2c9">
         <name>TCPSend</name>
         <value>0x71b</value>
         <object_component_ref idref="oc-270"/>
      </symbol>
      <symbol id="sm-2ca">
         <name>TCPCreateSession</name>
         <value>0x33b</value>
         <object_component_ref idref="oc-270"/>
      </symbol>
      <symbol id="sm-2cb">
         <name>TCPPackedSend</name>
         <value>0x561</value>
         <object_component_ref idref="oc-270"/>
      </symbol>
      <symbol id="sm-2cc">
         <name>TCPProcess</name>
         <value>0x8b5</value>
         <object_component_ref idref="oc-270"/>
      </symbol>
      <symbol id="sm-2cd">
         <name>TCPInitSequenceNumber</name>
         <value>0x26d</value>
         <object_component_ref idref="oc-270"/>
      </symbol>
      <symbol id="sm-2ce">
         <name>TCPGetFreeSession</name>
         <value>0x2bf</value>
         <object_component_ref idref="oc-270"/>
      </symbol>
      <symbol id="sm-2cf">
         <name>checksum</name>
         <value>0x491</value>
         <object_component_ref idref="oc-270"/>
      </symbol>
      <symbol id="sm-2d0">
         <name>TCPCloseSession</name>
         <value>0x271</value>
         <object_component_ref idref="oc-270"/>
      </symbol>
      <symbol id="sm-2d1">
         <name>TCPInit</name>
         <value>0x28d</value>
         <object_component_ref idref="oc-270"/>
      </symbol>
      <symbol id="sm-2ec">
         <name>UDPReply</name>
         <value>0x2a6d</value>
         <object_component_ref idref="oc-23a"/>
      </symbol>
      <symbol id="sm-2ed">
         <name>UDPParse_msg</name>
         <value>0x2afb</value>
         <object_component_ref idref="oc-23a"/>
      </symbol>
      <symbol id="sm-2ee">
         <name>add_data</name>
         <value>0x2935</value>
         <object_component_ref idref="oc-23a"/>
      </symbol>
      <symbol id="sm-2ef">
         <name>UDPProcess</name>
         <value>0x29e5</value>
         <object_component_ref idref="oc-23a"/>
      </symbol>
      <symbol id="sm-2f0">
         <name>udpSend</name>
         <value>0x2973</value>
         <object_component_ref idref="oc-23a"/>
      </symbol>
      <symbol id="sm-30d">
         <name>ISR</name>
         <value>0x312f</value>
         <object_component_ref idref="oc-26a"/>
      </symbol>
      <symbol id="sm-30e">
         <name>spi_init</name>
         <value>0x3069</value>
         <object_component_ref idref="oc-26a"/>
      </symbol>
      <symbol id="sm-30f">
         <name>spi_send</name>
         <value>0x3111</value>
         <object_component_ref idref="oc-26a"/>
      </symbol>
      <symbol id="sm-331">
         <name>UART0_IntHandler</name>
         <value>0x2c0f</value>
         <object_component_ref idref="oc-31"/>
      </symbol>
      <symbol id="sm-332">
         <name>Reset</name>
         <value>0x2ba1</value>
         <object_component_ref idref="oc-31"/>
      </symbol>
      <symbol id="sm-333">
         <name>UART0_Config</name>
         <value>0x2b39</value>
         <object_component_ref idref="oc-31"/>
      </symbol>
      <symbol id="sm-372">
         <name>infoHeader</name>
         <value>0x20000bf4</value>
         <object_component_ref idref="oc-1d4"/>
      </symbol>
      <symbol id="sm-373">
         <name>clearsrc</name>
         <value>0x23e3</value>
         <object_component_ref idref="oc-b0"/>
      </symbol>
      <symbol id="sm-374">
         <name>SearchIndexOf</name>
         <value>0x2341</value>
         <object_component_ref idref="oc-b0"/>
      </symbol>
      <symbol id="sm-375">
         <name>debug</name>
         <value>0x2403</value>
         <object_component_ref idref="oc-b0"/>
      </symbol>
      <symbol id="sm-3e4">
         <name>UARTgetc</name>
         <value>0x1c03</value>
         <object_component_ref idref="oc-9e"/>
      </symbol>
      <symbol id="sm-3e5">
         <name>UARTgets</name>
         <value>0x1b49</value>
         <object_component_ref idref="oc-9e"/>
      </symbol>
      <symbol id="sm-3e6">
         <name>UARTStdioConfig</name>
         <value>0x1abd</value>
         <object_component_ref idref="oc-9e"/>
      </symbol>
      <symbol id="sm-3e7">
         <name>UARTwrite</name>
         <value>0x1b03</value>
         <object_component_ref idref="oc-9e"/>
      </symbol>
      <symbol id="sm-3e8">
         <name>UARTprintf</name>
         <value>0x1f23</value>
         <object_component_ref idref="oc-9e"/>
      </symbol>
      <symbol id="sm-3e9">
         <name>UARTvprintf</name>
         <value>0x1c29</value>
         <object_component_ref idref="oc-9e"/>
      </symbol>
      <symbol id="sm-47a">
         <name>GPIOIntRegister</name>
         <value>0x3b7d</value>
         <object_component_ref idref="oc-336"/>
      </symbol>
      <symbol id="sm-47b">
         <name>GPIOPinConfigure</name>
         <value>0x3925</value>
         <object_component_ref idref="oc-8c"/>
      </symbol>
      <symbol id="sm-47c">
         <name>GPIOIntEnable</name>
         <value>0x3cc7</value>
         <object_component_ref idref="oc-33c"/>
      </symbol>
      <symbol id="sm-47d">
         <name>GPIOIntTypeSet</name>
         <value>0x37d9</value>
         <object_component_ref idref="oc-330"/>
      </symbol>
      <symbol id="sm-47e">
         <name>GPIOIntClear</name>
         <value>0x3d39</value>
         <object_component_ref idref="oc-354"/>
      </symbol>
      <symbol id="sm-47f">
         <name>GPIOPinTypeUART</name>
         <value>0x3c3b</value>
         <object_component_ref idref="oc-92"/>
      </symbol>
      <symbol id="sm-480">
         <name>GPIOIntStatus</name>
         <value>0x3c81</value>
         <object_component_ref idref="oc-34e"/>
      </symbol>
      <symbol id="sm-481">
         <name>GPIOPinTypeGPIOOutput</name>
         <value>0x3b95</value>
         <object_component_ref idref="oc-31e"/>
      </symbol>
      <symbol id="sm-482">
         <name>GPIODirModeSet</name>
         <value>0x3b15</value>
         <object_component_ref idref="oc-180"/>
      </symbol>
      <symbol id="sm-483">
         <name>GPIOPinWrite</name>
         <value>0x3d3f</value>
         <object_component_ref idref="oc-2ef"/>
      </symbol>
      <symbol id="sm-484">
         <name>GPIOPadConfigSet</name>
         <value>0x2e27</value>
         <object_component_ref idref="oc-186"/>
      </symbol>
      <symbol id="sm-485">
         <name>GPIOPinTypeSSI</name>
         <value>0x3c29</value>
         <object_component_ref idref="oc-324"/>
      </symbol>
      <symbol id="sm-4d1">
         <name>IntEnable</name>
         <value>0x36a9</value>
         <object_component_ref idref="oc-a4"/>
      </symbol>
      <symbol id="sm-4d2">
         <name>IntDisable</name>
         <value>0x3641</value>
         <object_component_ref idref="oc-2e6"/>
      </symbol>
      <symbol id="sm-4d3">
         <name>IntRegister</name>
         <value>0x3aad</value>
         <object_component_ref idref="oc-220"/>
      </symbol>
      <symbol id="sm-4d4">
         <name>g_pfnRAMVectors</name>
         <value>0x20000000</value>
         <object_component_ref idref="oc-2e0"/>
      </symbol>
      <symbol id="sm-505">
         <name>SSIDataPut</name>
         <value>0x3cf7</value>
         <object_component_ref idref="oc-2f5"/>
      </symbol>
      <symbol id="sm-506">
         <name>SSIDataGet</name>
         <value>0x3cd3</value>
         <object_component_ref idref="oc-2fb"/>
      </symbol>
      <symbol id="sm-507">
         <name>SSIDataGetNonBlocking</name>
         <value>0x3c4d</value>
         <object_component_ref idref="oc-348"/>
      </symbol>
      <symbol id="sm-508">
         <name>SSIConfigSetExpClk</name>
         <value>0x3a39</value>
         <object_component_ref idref="oc-32a"/>
      </symbol>
      <symbol id="sm-509">
         <name>SSIEnable</name>
         <value>0x3d01</value>
         <object_component_ref idref="oc-342"/>
      </symbol>
      <symbol id="sm-566">
         <name>SysCtlPeripheralPresent</name>
         <value>0x3a75</value>
         <object_component_ref idref="oc-191"/>
      </symbol>
      <symbol id="sm-567">
         <name>SysCtlClockSet</name>
         <value>0x3171</value>
         <object_component_ref idref="oc-264"/>
      </symbol>
      <symbol id="sm-568">
         <name>SysCtlDelay</name>
         <value>0x3d45</value>
         <object_component_ref idref="oc-31c"/>
      </symbol>
      <symbol id="sm-569">
         <name>SysCtlPeripheralEnable</name>
         <value>0x3ae1</value>
         <object_component_ref idref="oc-86"/>
      </symbol>
      <symbol id="sm-56a">
         <name>SysCtlClockGet</name>
         <value>0x2f59</value>
         <object_component_ref idref="oc-98"/>
      </symbol>
      <symbol id="sm-597">
         <name>SysTickEnable</name>
         <value>0x3bc5</value>
         <object_component_ref idref="oc-102"/>
      </symbol>
      <symbol id="sm-598">
         <name>SysTickIntRegister</name>
         <value>0x3b61</value>
         <object_component_ref idref="oc-f6"/>
      </symbol>
      <symbol id="sm-599">
         <name>SysTickIntEnable</name>
         <value>0x3bd9</value>
         <object_component_ref idref="oc-fc"/>
      </symbol>
      <symbol id="sm-59a">
         <name>SysTickPeriodSet</name>
         <value>0x3c71</value>
         <object_component_ref idref="oc-f0"/>
      </symbol>
      <symbol id="sm-5ce">
         <name>TimerLoadSet</name>
         <value>0x3c5f</value>
         <object_component_ref idref="oc-120"/>
      </symbol>
      <symbol id="sm-5cf">
         <name>TimerEnable</name>
         <value>0x3c8f</value>
         <object_component_ref idref="oc-12c"/>
      </symbol>
      <symbol id="sm-5d0">
         <name>TimerIntEnable</name>
         <value>0x3d29</value>
         <object_component_ref idref="oc-126"/>
      </symbol>
      <symbol id="sm-5d1">
         <name>TimerConfigure</name>
         <value>0x3779</value>
         <object_component_ref idref="oc-11a"/>
      </symbol>
      <symbol id="sm-5d2">
         <name>TimerIntClear</name>
         <value>0x3d4b</value>
         <object_component_ref idref="oc-108"/>
      </symbol>
      <symbol id="sm-62d">
         <name>UARTConfigSetExpClk</name>
         <value>0x396d</value>
         <object_component_ref idref="oc-197"/>
      </symbol>
      <symbol id="sm-62e">
         <name>UARTDisable</name>
         <value>0x3b41</value>
         <object_component_ref idref="oc-2ae"/>
      </symbol>
      <symbol id="sm-62f">
         <name>UARTIntEnable</name>
         <value>0x3d31</value>
         <object_component_ref idref="oc-aa"/>
      </symbol>
      <symbol id="sm-630">
         <name>UARTCharsAvail</name>
         <value>0x3cab</value>
         <object_component_ref idref="oc-bc"/>
      </symbol>
      <symbol id="sm-631">
         <name>UARTCharGetNonBlocking</name>
         <value>0x3c9d</value>
         <object_component_ref idref="oc-b6"/>
      </symbol>
      <symbol id="sm-632">
         <name>UARTCharPut</name>
         <value>0x3d15</value>
         <object_component_ref idref="oc-1a3"/>
      </symbol>
      <symbol id="sm-633">
         <name>UARTEnable</name>
         <value>0x3bed</value>
         <object_component_ref idref="oc-19d"/>
      </symbol>
      <symbol id="sm-634">
         <name>UARTIntClear</name>
         <value>0x3d4f</value>
         <object_component_ref idref="oc-c8"/>
      </symbol>
      <symbol id="sm-635">
         <name>UARTIntStatus</name>
         <value>0x3d1f</value>
         <object_component_ref idref="oc-c2"/>
      </symbol>
      <symbol id="sm-636">
         <name>UARTCharGet</name>
         <value>0x3d0b</value>
         <object_component_ref idref="oc-1a9"/>
      </symbol>
      <symbol id="sm-648">
         <name>_c_int00</name>
         <value>0x3831</value>
         <object_component_ref idref="oc-24"/>
      </symbol>
      <symbol id="sm-649">
         <name>__stack</name>
         <value>0x200009f4</value>
         <object_component_ref idref="oc-2a"/>
      </symbol>
      <symbol id="sm-667">
         <name>__TI_decompress_lzss</name>
         <value>0x3711</value>
         <object_component_ref idref="oc-12"/>
      </symbol>
      <symbol id="sm-67e">
         <name>__TI_decompress_none</name>
         <value>0x3cb9</value>
         <object_component_ref idref="oc-18"/>
      </symbol>
      <symbol id="sm-695">
         <name>__TI_zero_init</name>
         <value>0x3cdf</value>
         <object_component_ref idref="oc-1e"/>
      </symbol>
      <symbol id="sm-6b6">
         <name>C$$EXIT</name>
         <value>0x3885</value>
         <object_component_ref idref="oc-7b"/>
      </symbol>
      <symbol id="sm-6b7">
         <name>abort</name>
         <value>0x3889</value>
         <object_component_ref idref="oc-7b"/>
      </symbol>
      <symbol id="sm-6b8">
         <name>exit</name>
         <value>0x3891</value>
         <object_component_ref idref="oc-7b"/>
      </symbol>
      <symbol id="sm-6b9">
         <name>__TI_dtors_ptr</name>
         <value>0x20000c0c</value>
         <object_component_ref idref="oc-16e"/>
      </symbol>
      <symbol id="sm-6ba">
         <name>__TI_cleanup_ptr</name>
         <value>0x20000c08</value>
         <object_component_ref idref="oc-16e"/>
      </symbol>
      <symbol id="sm-6bb">
         <name>__TI_enable_exit_profile_output</name>
         <value>0x20000c10</value>
         <object_component_ref idref="oc-16e"/>
      </symbol>
      <symbol id="sm-6d6">
         <name>memcpy</name>
         <value>0x34b9</value>
         <object_component_ref idref="oc-4b"/>
      </symbol>
      <symbol id="sm-6d7">
         <name>__aeabi_memcpy</name>
         <value>0x34b9</value>
         <object_component_ref idref="oc-4b"/>
      </symbol>
      <symbol id="sm-6d8">
         <name>__aeabi_memcpy8</name>
         <value>0x34b9</value>
         <object_component_ref idref="oc-4b"/>
      </symbol>
      <symbol id="sm-6d9">
         <name>__aeabi_memcpy4</name>
         <value>0x34b9</value>
         <object_component_ref idref="oc-4b"/>
      </symbol>
      <symbol id="sm-6e8">
         <name>__aeabi_memset</name>
         <value>0x3557</value>
         <object_component_ref idref="oc-57"/>
      </symbol>
      <symbol id="sm-6e9">
         <name>memset</name>
         <value>0x355d</value>
         <object_component_ref idref="oc-57"/>
      </symbol>
      <symbol id="sm-6ea">
         <name>__aeabi_memset8</name>
         <value>0x3557</value>
         <object_component_ref idref="oc-57"/>
      </symbol>
      <symbol id="sm-6eb">
         <name>__aeabi_memset4</name>
         <value>0x3557</value>
         <object_component_ref idref="oc-57"/>
      </symbol>
      <symbol id="sm-6ec">
         <name>__aeabi_memclr8</name>
         <value>0x3555</value>
         <object_component_ref idref="oc-57"/>
      </symbol>
      <symbol id="sm-6ed">
         <name>__aeabi_memclr4</name>
         <value>0x3555</value>
         <object_component_ref idref="oc-57"/>
      </symbol>
      <symbol id="sm-6ee">
         <name>__aeabi_memclr</name>
         <value>0x3555</value>
         <object_component_ref idref="oc-57"/>
      </symbol>
      <symbol id="sm-6f8">
         <name>__mpu_init</name>
         <value>0x382f</value>
         <object_component_ref idref="oc-63"/>
      </symbol>
      <symbol id="sm-702">
         <name>_system_pre_init</name>
         <value>0x3d53</value>
         <object_component_ref idref="oc-69"/>
      </symbol>
      <symbol id="sm-70a">
         <name>main_func_sp</name>
         <value>0x20000c40</value>
         <object_component_ref idref="oc-81"/>
      </symbol>
      <symbol id="sm-718">
         <name>strlen</name>
         <value>0x3c15</value>
         <object_component_ref idref="oc-306"/>
      </symbol>
      <symbol id="sm-727">
         <name>__aeabi_uidivmod</name>
         <value>0x39f9</value>
         <object_component_ref idref="oc-1b8"/>
      </symbol>
      <symbol id="sm-728">
         <name>__aeabi_uidiv</name>
         <value>0x39f9</value>
         <object_component_ref idref="oc-1b8"/>
      </symbol>
      <symbol id="sm-741">
         <name>_nop</name>
         <value>0x3c0f</value>
         <object_component_ref idref="oc-292"/>
      </symbol>
      <symbol id="sm-742">
         <name>_lock</name>
         <value>0x20000c14</value>
         <object_component_ref idref="oc-171"/>
      </symbol>
      <symbol id="sm-743">
         <name>_unlock</name>
         <value>0x20000c18</value>
         <object_component_ref idref="oc-171"/>
      </symbol>
      <symbol id="sm-744">
         <name>_register_lock</name>
         <value>0x3c07</value>
         <object_component_ref idref="oc-292"/>
      </symbol>
      <symbol id="sm-745">
         <name>_register_unlock</name>
         <value>0x3c01</value>
         <object_component_ref idref="oc-292"/>
      </symbol>
      <symbol id="sm-759">
         <name>_args_main</name>
         <value>0x3bad</value>
         <object_component_ref idref="oc-75"/>
      </symbol>
      <symbol id="sm-783">
         <name>__TI_auto_init</name>
         <value>0x35d1</value>
         <object_component_ref idref="oc-6f"/>
      </symbol>
      <symbol id="sm-79d">
         <name>copy_in</name>
         <value>0x38d9</value>
         <object_component_ref idref="oc-158"/>
      </symbol>
      <symbol id="sm-7a7">
         <name>__aeabi_idiv0</name>
         <value>0x35cf</value>
         <object_component_ref idref="oc-2be"/>
      </symbol>
      <symbol id="sm-7b1">
         <name>_system_post_cinit</name>
         <value>0x39b3</value>
         <object_component_ref idref="oc-15e"/>
      </symbol>
      <symbol id="sm-7b2">
         <name>__TI_static_base__</name>
         <value>0x0</value>
      </symbol>
      <symbol id="sm-7b5">
         <name>SHT$$INIT_ARRAY$$Limit</name>
         <value>0x0</value>
      </symbol>
      <symbol id="sm-7b6">
         <name>SHT$$INIT_ARRAY$$Base</name>
         <value>0x0</value>
      </symbol>
   </symbol_table>
   <title>Link successful</title>
</link_info>
